16:36:53 **** Build of configuration Default for project ABB_style_recording ****
make all 
CC -I../include -I../src taskFunc.c
taskFunc.c:30:5: error: invalid suffix "_channel_1" on integer constant
taskFunc.c:30:5: error: expected identifier or '(' before numeric constant
make[1]: *** [../bin/taskFunc.o] Error 1
make: *** [src] Error 2
16:37:08 **** Incremental Build of configuration Default for project ABB_style_recording ****
make all 
CC -I../include -I../src taskFunc.c
LN ./bin/auto.o ./bin/autonFunctions.o ./bin/baseFunc.o ./bin/drivePID.o ./bin/driveRoutines.o ./bin/init.o ./bin/opControlTypes.o ./bin/opconFunc.o ./bin/opcontrol.o ./bin/point.o ./bin/select.o ./bin/songs.o ./bin/taskFunc.o ./firmware/libccos.a -lgcc -lm to bin/output.elf
   text	   data	    bss	    dec	    hex	filename
  35924	      8	   4448	  40380	   9dbc	./bin/output.elf
arm-none-eabi-objcopy ./bin/output.elf -O binary ./bin/output.bin
17:06:11 **** Incremental Build of configuration Default for project ABB_style_recording ****
make all 
CC -I../include -I../src taskFunc.c
LN ./bin/auto.o ./bin/autonFunctions.o ./bin/baseFunc.o ./bin/drivePID.o ./bin/driveRoutines.o ./bin/init.o ./bin/opControlTypes.o ./bin/opconFunc.o ./bin/opcontrol.o ./bin/point.o ./bin/select.o ./bin/songs.o ./bin/taskFunc.o ./firmware/libccos.a -lgcc -lm to bin/output.elf
   text	   data	    bss	    dec	    hex	filename
  35924	      8	   4512	  40444	   9dfc	./bin/output.elf
arm-none-eabi-objcopy ./bin/output.elf -O binary ./bin/output.bin
17:54:17 **** Incremental Build of configuration Default for project ABB_style_recording ****
make all 
CC -I../include -I../src auto.c
CC -I../include -I../src autonFunctions.c
CC -I../include -I../src baseFunc.c
CC -I../include -I../src drivePID.c
CC -I../include -I../src driveRoutines.c
CC -I../include -I../src init.c
CC -I../include -I../src opControlTypes.c
opControlTypes.c: In function 'digitalDrive':
opControlTypes.c:133:6: warning: unused variable 'all' [-Wunused-variable]
CC -I../include -I../src opconFunc.c
CC -I../include -I../src opcontrol.c
CC -I../include -I../src point.c
CC -I../include -I../src select.c
CC -I../include -I../src songs.c
CC -I../include -I../src taskFunc.c
LN ./bin/auto.o ./bin/autonFunctions.o ./bin/baseFunc.o ./bin/drivePID.o ./bin/driveRoutines.o ./bin/init.o ./bin/opControlTypes.o ./bin/opconFunc.o ./bin/opcontrol.o ./bin/point.o ./bin/select.o ./bin/songs.o ./bin/taskFunc.o ./firmware/libccos.a -lgcc -lm to bin/output.elf
   text	   data	    bss	    dec	    hex	filename
  35924	      8	   4512	  40444	   9dfc	./bin/output.elf
arm-none-eabi-objcopy ./bin/output.elf -O binary ./bin/output.bin
18:01:36 **** Incremental Build of configuration Default for project ABB_style_recording ****
make all 
make[1]: Nothing to be done for `all'.
18:03:46 **** Incremental Build of configuration Default for project ABB_style_recording ****
make all 
make[1]: Nothing to be done for `all'.
18:05:00 **** Incremental Build of configuration Default for project ABB_style_recording ****
make all 
make[1]: Nothing to be done for `all'.
19:13:27 **** Incremental Build of configuration Default for project ABB_style_recording ****
make all 
CC -I../include -I../src autonFunctions.c
CC -I../include -I../src opControlTypes.c
opControlTypes.c: In function 'digitalDrive':
opControlTypes.c:133:6: warning: unused variable 'all' [-Wunused-variable]
LN ./bin/auto.o ./bin/autonFunctions.o ./bin/baseFunc.o ./bin/drivePID.o ./bin/driveRoutines.o ./bin/init.o ./bin/opControlTypes.o ./bin/opconFunc.o ./bin/opcontrol.o ./bin/point.o ./bin/select.o ./bin/songs.o ./bin/taskFunc.o ./firmware/libccos.a -lgcc -lm to bin/output.elf
   text	   data	    bss	    dec	    hex	filename
  35740	      8	   4512	  40260	   9d44	./bin/output.elf
arm-none-eabi-objcopy ./bin/output.elf -O binary ./bin/output.bin
19:41:19 **** Incremental Build of configuration Default for project ABB_style_recording ****
make all 
CC -I../include -I../src driveRoutines.c
CC -I../include -I../src opControlTypes.c
CC -I../include -I../src point.c
CC -I../include -I../src select.c
CC -I../include -I../src songs.c
LN ./bin/auto.o ./bin/autonFunctions.o ./bin/baseFunc.o ./bin/drivePID.o ./bin/driveRoutines.o ./bin/init.o ./bin/opControlTypes.o ./bin/opconFunc.o ./bin/opcontrol.o ./bin/point.o ./bin/select.o ./bin/songs.o ./bin/taskFunc.o ./firmware/libccos.a -lgcc -lm to bin/output.elf
   text	   data	    bss	    dec	    hex	filename
  35428	      8	   4512	  39948	   9c0c	./bin/output.elf
arm-none-eabi-objcopy ./bin/output.elf -O binary ./bin/output.bin
19:44:35 **** Incremental Build of configuration Default for project ABB_style_recording ****
make all 
make[1]: Nothing to be done for `all'.
19:52:59 **** Incremental Build of configuration Default for project ABB_style_recording ****
make all 
make[1]: Nothing to be done for `all'.
20:24:30 **** Build of configuration Default for project ABB_style_recording ****
make all 
CC -I../include -I../src auto.c
CC -I../include -I../src autonFunctions.c
CC -I../include -I../src baseFunc.c
CC -I../include -I../src drivePID.c
CC -I../include -I../src driveRoutines.c
CC -I../include -I../src init.c
CC -I../include -I../src opControlTypes.c
CC -I../include -I../src opconFunc.c
CC -I../include -I../src opcontrol.c
CC -I../include -I../src point.c
CC -I../include -I../src select.c
CC -I../include -I../src songs.c
CC -I../include -I../src taskFunc.c
LN ./bin/auto.o ./bin/autonFunctions.o ./bin/baseFunc.o ./bin/drivePID.o ./bin/driveRoutines.o ./bin/init.o ./bin/opControlTypes.o ./bin/opconFunc.o ./bin/opcontrol.o ./bin/point.o ./bin/select.o ./bin/songs.o ./bin/taskFunc.o ./firmware/libccos.a -lgcc -lm to bin/output.elf
   text	   data	    bss	    dec	    hex	filename
  36188	      8	   4512	  40708	   9f04	./bin/output.elf
arm-none-eabi-objcopy ./bin/output.elf -O binary ./bin/output.bin
